// Jest Snapshot v1, https://goo.gl/fbAQLP

exports[`LandingPage should render correctly for guest user 1`] = `
<div>
  <div
    class="css-1ofqig9"
  >
    <div>
      <title>
        FastDeck | Synchronized Multi-Device Sound Mesh
      </title>
    </div>
    <style>
      
        /* --- Mesh animations --- */
        @keyframes float {
          0%, 100% { transform: translateY(0px); }
          50% { transform: translateY(-8px); }
        }
        .mesh-card-float { animation: float 6s ease-in-out infinite; }

        @keyframes wave {
          0% { transform: translate(-50%, -50%) scale(0.8); opacity: 0.8; }
          100% { transform: translate(-50%, -50%) scale(2.8); opacity: 0; }
        }
        .wave-ring {
          position: absolute;
          top: 50%;
          left: 50%;
          border: 2px solid var(--chakra-colors-primary);
          border-radius: 50%;
          pointer-events: none;
          z-index: 1;
          width: 90px;
          height: 90px;
        }
        .wave-ring-1 { animation: wave 4s cubic-bezier(0.1, 0.8, 0.3, 1) infinite; }
        .wave-ring-2 { animation: wave 4s cubic-bezier(0.1, 0.8, 0.3, 1) infinite 1.3s; }
        .wave-ring-3 { animation: wave 4s cubic-bezier(0.1, 0.8, 0.3, 1) infinite 2.6s; }

        @keyframes pulse-icon {
          0%, 100% { transform: scale(1); }
          50% { transform: scale(1.15); }
        }
        .pulse-host-icon { animation: pulse-icon 2s ease-in-out infinite; }

        @keyframes eq-bounce-1 {
          0%, 100% { height: 6px; }
          50% { height: 22px; }
        }
        @keyframes eq-bounce-2 {
          0%, 100% { height: 16px; }
          50% { height: 4px; }
        }
        @keyframes eq-bounce-3 {
          0%, 100% { height: 10px; }
          50% { height: 24px; }
        }
        .eq-bar {
          width: 4px;
          background-color: var(--chakra-colors-primary);
          border-top-left-radius: 2px;
          border-top-right-radius: 2px;
        }
        .eq-bar-1 { animation: eq-bounce-1 0.8s ease-in-out infinite; }
        .eq-bar-2 { animation: eq-bounce-2 1.1s ease-in-out infinite; }
        .eq-bar-3 { animation: eq-bounce-3 0.9s ease-in-out infinite; }

        @keyframes stroke-dash {
          to { stroke-dashoffset: -20; }
        }
        .mesh-line {
          stroke: var(--chakra-colors-primary);
          stroke-width: 1.5;
          stroke-dasharray: 4 4;
          opacity: 0.55;
          animation: stroke-dash 2s linear infinite;
        }
        .mesh-line-1 { stroke-dashoffset: 0; }
        .mesh-line-2 { stroke-dashoffset: 0; }
        .mesh-line-3 { stroke-dashoffset: 0; }
      
    </style>
    <div
      class="chakra-stack css-1nu4llu"
    >
      <div
        class="chakra-stack css-1rncypo"
      >
        <div
          class="chakra-stack css-ic8uy2"
        >
          <span
            class="chakra-badge css-1xhavzz"
          >
            📶 Dual-Protocol Synchronization
          </span>
          <h2
            class="chakra-heading css-1txzm46"
          >
            Harmonize Your Devices,
            <br />
            <span
              class="css-x1gurf"
            >
              Amplify Your Sound.
            </span>
          </h2>
          <p
            class="css-jya90p"
          >
            FastDeck seamlessly bridges nearby smartphones, tablets, and computers over Wi-Fi and Bluetooth networks, transforming them into a unified, perfectly synchronized speaker array. Enjoy immersive sound without expensive hardware.
          </p>
          <div
            class="chakra-stack css-19cg7hp"
          >
            <a
              class="chakra-button css-128j574"
              data-discover="true"
              href="/product"
              type="button"
            >
              Download App
            </a>
            <a
              class="chakra-button css-zk80wl"
              data-discover="true"
              href="/docs"
              type="button"
            >
              Read Documentation
            </a>
          </div>
        </div>
        <div
          class="css-1cr7chv"
        >
          <div
            class="mesh-card-float css-k6m3pc"
          >
            <div
              class="wave-ring wave-ring-1"
            />
            <div
              class="wave-ring wave-ring-2"
            />
            <div
              class="wave-ring wave-ring-3"
            />
            <svg
              style="position: absolute; top: 0px; left: 0px; width: 100%; height: 100%; pointer-events: none;"
            >
              <line
                class="mesh-line mesh-line-1"
                x1="50%"
                x2="20%"
                y1="50%"
                y2="25%"
              />
              <line
                class="mesh-line mesh-line-2"
                x1="50%"
                x2="80%"
                y1="50%"
                y2="25%"
              />
              <line
                class="mesh-line mesh-line-3"
                x1="50%"
                x2="50%"
                y1="50%"
                y2="82%"
              />
            </svg>
            <div
              class="css-1mk5acb"
            >
              <svg
                class="pulse-host-icon"
                fill="none"
                height="24px"
                stroke="currentColor"
                stroke-linecap="round"
                stroke-linejoin="round"
                stroke-width="2"
                viewBox="0 0 24 24"
                width="24px"
              >
                <path
                  d="M9 18V5l12-2v13"
                />
                <circle
                  cx="6"
                  cy="18"
                  r="3"
                />
                <circle
                  cx="18"
                  cy="16"
                  r="3"
                />
              </svg>
              <p
                class="css-12nhbuw"
              >
                HOST
              </p>
            </div>
            <div
              class="chakra-stack css-lbrt5v"
            >
              <div
                class="css-dc7swy"
              >
                <div
                  class="chakra-stack css-1qvc3gs"
                >
                  <div
                    class="eq-bar eq-bar-1"
                  />
                  <div
                    class="eq-bar eq-bar-2"
                  />
                  <div
                    class="eq-bar eq-bar-3"
                  />
                </div>
              </div>
              <p
                class="css-1il54vo"
              >
                MacBook Pro
              </p>
            </div>
            <div
              class="chakra-stack css-1v9ryoy"
            >
              <div
                class="css-dc7swy"
              >
                <div
                  class="chakra-stack css-1qvc3gs"
                >
                  <div
                    class="eq-bar eq-bar-2"
                  />
                  <div
                    class="eq-bar eq-bar-3"
                  />
                  <div
                    class="eq-bar eq-bar-1"
                  />
                </div>
              </div>
              <p
                class="css-1il54vo"
              >
                iPad Pro
              </p>
            </div>
            <div
              class="chakra-stack css-17gfg2v"
            >
              <div
                class="css-dc7swy"
              >
                <div
                  class="chakra-stack css-1qvc3gs"
                >
                  <div
                    class="eq-bar eq-bar-3"
                  />
                  <div
                    class="eq-bar eq-bar-1"
                  />
                  <div
                    class="eq-bar eq-bar-2"
                  />
                </div>
              </div>
              <p
                class="css-1il54vo"
              >
                iPhone 15
              </p>
            </div>
          </div>
        </div>
      </div>
    </div>
    <div
      class="css-10fxktd"
    >
      <div
        class="css-1ub3vqw"
      >
        <div
          class="chakra-stack css-iwxz5j"
        >
          <h2
            class="chakra-heading css-1l8tyi8"
          >
            Engineered for Synchronization
          </h2>
          <p
            class="css-na3q31"
          >
            Everything you need to turn any collection of devices into an active audio node.
          </p>
        </div>
        <div
          class="css-ibtnd6"
        >
          <div
            class="chakra-stack css-17eodk8"
          >
            <div
              class="css-1nl02g7"
            >
              <svg
                fill="none"
                height="20px"
                stroke="currentColor"
                stroke-linecap="round"
                stroke-linejoin="round"
                stroke-width="2"
                viewBox="0 0 24 24"
                width="20px"
              >
                <path
                  d="M21 12a9 9 0 0 0-9-9 9.75 9.75 0 0 0-6.74 2.74L3 8"
                />
                <path
                  d="M3 3v5h5"
                />
                <path
                  d="M3 12a9 9 0 0 0 9 9 9.75 9.75 0 0 0 6.74-2.74L21 16"
                />
                <path
                  d="M16 16h5v5"
                />
              </svg>
            </div>
            <h3
              class="chakra-heading css-r58vds"
            >
              Dual-Protocol Sync
            </h3>
            <p
              class="css-o5o4qy"
            >
              Utilizes both local Wi-Fi networks and Bluetooth multi-point connections to ensure maximum range, stability, and synchronization.
            </p>
          </div>
          <div
            class="chakra-stack css-17eodk8"
          >
            <div
              class="css-1nl02g7"
            >
              <svg
                fill="none"
                height="20px"
                stroke="currentColor"
                stroke-linecap="round"
                stroke-linejoin="round"
                stroke-width="2"
                viewBox="0 0 24 24"
                width="20px"
              >
                <polyline
                  points="13 2 3 14 12 14 11 22 21 10 12 10 13 2"
                />
              </svg>
            </div>
            <h3
              class="chakra-heading css-r58vds"
            >
              Seamless Fallback
            </h3>
            <p
              class="css-o5o4qy"
            >
              If the Wi-Fi connection drops or weakens, the system automatically routes the audio stream through the Bluetooth mesh to prevent playback drops.
            </p>
          </div>
          <div
            class="chakra-stack css-17eodk8"
          >
            <div
              class="css-1nl02g7"
            >
              <svg
                fill="none"
                height="20px"
                stroke="currentColor"
                stroke-linecap="round"
                stroke-linejoin="round"
                stroke-width="2"
                viewBox="0 0 24 24"
                width="20px"
              >
                <path
                  d="M19 21v-2a4 4 0 0 0-4-4H9a4 4 0 0 0-4 4v2"
                />
                <circle
                  cx="12"
                  cy="7"
                  r="4"
                />
              </svg>
            </div>
            <h3
              class="chakra-heading css-r58vds"
            >
              Dynamic Node Management
            </h3>
            <p
              class="css-o5o4qy"
            >
              Devices can join or leave the FastDeck session dynamically on the fly without interrupting the host's audio stream.
            </p>
          </div>
          <div
            class="chakra-stack css-17eodk8"
          >
            <div
              class="css-1nl02g7"
            >
              <svg
                fill="none"
                height="20px"
                stroke="currentColor"
                stroke-linecap="round"
                stroke-linejoin="round"
                stroke-width="2"
                viewBox="0 0 24 24"
                width="20px"
              >
                <rect
                  height="11"
                  rx="2"
                  ry="2"
                  width="18"
                  x="3"
                  y="11"
                />
                <path
                  d="M7 11V7a5 5 0 0 1 10 0v4"
                />
              </svg>
            </div>
            <h3
              class="chakra-heading css-r58vds"
            >
              Universal Compatibility
            </h3>
            <p
              class="css-o5o4qy"
            >
              Completely hardware-agnostic. Runs seamlessly across iOS, Android, macOS, Windows, and Linux operating systems.
            </p>
          </div>
        </div>
      </div>
    </div>
  </div>
</div>
`;
